public class Foo {
    public static void main(String[] args) {
		var x = String.valueOf(2);
    }
}